../Core/Src/st7789.c:17:13:ST7789_WriteCommand	16	static
../Core/Src/st7789.c:28:13:ST7789_WriteData	24	static
../Core/Src/st7789.c:57:13:ST7789_WriteSmallData	16	static
../Core/Src/st7789.c:68:6:ST7789_SetRotation	16	static
../Core/Src/st7789.c:92:13:ST7789_SetAddressWindow	40	static
../Core/Src/st7789.c:116:6:ST7789_Init	56	static
../Core/Src/st7789.c:177:6:ST7789_Fill_Color	40	static
../Core/Src/st7789.c:216:6:ST7789_DrawPixel	24	static
../Core/Src/st7789.c:229:6:ST7789_Fill	32	static
../Core/Src/st7789.c:237:6:ST7789_DrawPixel_4px	24	static
../Core/Src/st7789.c:246:6:ST7789_DrawLine	40	static
../Core/Src/st7789.c:280:6:ST7789_DrawRectangle	32	static
../Core/Src/st7789.c:291:6:ST7789_DrawFilledRectangle	56	static
../Core/Src/st7789.c:338:6:ST7789_DrawCircle	40	static
../Core/Src/st7789.c:363:6:ST7789_DrawImage	40	static
../Core/Src/st7789.c:395:6:ST7789_InvertColors	16	static
../Core/Src/st7789.c:403:6:ST7789_WriteChar	48	static
../Core/Src/st7789.c:448:6:ST7789_WriteString	32	static
../Core/Src/st7789.c:466:6:ST7789_DrawTriangle	32	static
../Core/Src/st7789.c:476:6:ST7789_DrawFilledTriangle	64	static
../Core/Src/st7789.c:501:6:ST7789_DrawFilledCircle	48	static
../Core/Src/st7789.c:523:6:ST7789_TearEffect	16	static
../Core/Src/st7789.c:528:6:ST7789_Test	8	static
